Real-Time Journal Logs (Scroll with Up/Down):
┌──────────────────────────────────────────────────────────────────────────┐
│ line 1: pilot initialized                                                │
│ line 2: connected                                                        │
│ line 3: ready                                                            │
│                                                                          │
│                                                                          │
│                                                                          │
│                                                                          │
│                                                                          │
│                                                                          │
│                                                                          │
│                                                                          │
└──────────────────────────────────────────────────────────────────────────┘
                                                                            